  .   ____          _            __ _ _
 /\\ / ___'_ __ _ _(_)_ __  __ _ \ \ \ \
( ( )\___ | '_ | '_| | '_ \/ _` | \ \ \ \
 \\/  ___)| |_)| | | | | || (_| |  ) ) ) )
  '  |____| .__|_| |_|_| |_\__, | / / / /
 =========|_|==============|___/=/_/_/_/

 :: Spring Boot ::                (v3.3.0)

2026-09-22T21:15:07.495+01:00  INFO 11212 --- [           main] c.e.e.ExpenseTrackerApplication          : Starting ExpenseTrackerApplication using Java 21.0.9 with PID 11212 (/Users/samaunmahmud/Documents/Expense Tracker/CashMatrix/backend/target/classes started by samaunmahmud in /Users/samaunmahmud/Documents/Expense Tracker/CashMatrix/backend)
2026-09-22T21:15:07.501+01:00  INFO 11212 --- [           main] c.e.e.ExpenseTrackerApplication          : No active profile set, falling back to 1 default profile: "default"
2026-09-22T21:15:07.995+01:00  INFO 11212 --- [           main] .s.d.r.c.RepositoryConfigurationDelegate : Bootstrapping Spring Data JPA repositories in DEFAULT mode.
2026-09-22T21:15:08.122+01:00  INFO 11212 --- [           main] .s.d.r.c.RepositoryConfigurationDelegate : Finished Spring Data repository scanning in 122 ms. Found 10 JPA repository interfaces.
2026-09-22T21:15:08.523+01:00  INFO 11212 --- [           main] o.s.b.w.embedded.tomcat.TomcatWebServer  : Tomcat initialized with port 8081 (http)
2026-09-22T21:15:08.537+01:00  INFO 11212 --- [           main] o.apache.catalina.core.StandardService   : Starting service [Tomcat]
2026-09-22T21:15:08.537+01:00  INFO 11212 --- [           main] o.apache.catalina.core.StandardEngine    : Starting Servlet engine: [Apache Tomcat/10.1.24]
2026-09-22T21:15:08.597+01:00  INFO 11212 --- [           main] o.a.c.c.C.[Tomcat].[localhost].[/]       : Initializing Spring embedded WebApplicationContext
2026-09-22T21:15:08.598+01:00  INFO 11212 --- [           main] w.s.c.ServletWebServerApplicationContext : Root WebApplicationContext: initialization completed in 1076 ms
2026-09-22T21:15:08.681+01:00  INFO 11212 --- [           main] o.hibernate.jpa.internal.util.LogHelper  : HHH000204: Processing PersistenceUnitInfo [name: default]
2026-09-22T21:15:08.712+01:00  INFO 11212 --- [           main] org.hibernate.Version                    : HHH000412: Hibernate ORM core version 6.5.2.Final
2026-09-22T21:15:08.737+01:00  INFO 11212 --- [           main] o.h.c.internal.RegionFactoryInitiator    : HHH000026: Second-level cache disabled
2026-09-22T21:15:08.944+01:00  INFO 11212 --- [           main] o.s.o.j.p.SpringPersistenceUnitInfo      : No LoadTimeWeaver setup: ignoring JPA class transformer
2026-09-22T21:15:08.961+01:00  INFO 11212 --- [           main] com.zaxxer.hikari.HikariDataSource       : HikariPool-1 - Starting...
2026-09-22T21:15:09.099+01:00  INFO 11212 --- [           main] com.zaxxer.hikari.pool.HikariPool        : HikariPool-1 - Added connection conn0: url=jdbc:h2:mem:demo user=SA
2026-09-22T21:15:09.100+01:00  INFO 11212 --- [           main] com.zaxxer.hikari.HikariDataSource       : HikariPool-1 - Start completed.
2026-09-22T21:15:09.788+01:00  INFO 11212 --- [           main] o.h.e.t.j.p.i.JtaPlatformInitiator       : HHH000489: No JTA platform available (set 'hibernate.transaction.jta.platform' to enable JTA platform integration)
2026-09-22T21:15:09.845+01:00  INFO 11212 --- [           main] j.LocalContainerEntityManagerFactoryBean : Initialized JPA EntityManagerFactory for persistence unit 'default'
2026-09-22T21:15:10.101+01:00  INFO 11212 --- [           main] o.s.d.j.r.query.QueryEnhancerFactory     : Hibernate is in classpath; If applicable, HQL parser will be used.
2026-09-22T21:15:10.355+01:00  INFO 11212 --- [           main] eAuthenticationProviderManagerConfigurer : Global AuthenticationManager configured with AuthenticationProvider bean with name authenticationProvider
2026-09-22T21:15:10.355+01:00  WARN 11212 --- [           main] r$InitializeUserDetailsManagerConfigurer : Global AuthenticationManager configured with an AuthenticationProvider bean. UserDetailsService beans will not be used for username/password login. Consider removing the AuthenticationProvider bean. Alternatively, consider using the UserDetailsService in a manually instantiated DaoAuthenticationProvider.
2026-09-22T21:15:10.744+01:00  WARN 11212 --- [           main] JpaBaseConfiguration$JpaWebConfiguration : spring.jpa.open-in-view is enabled by default. Therefore, database queries may be performed during view rendering. Explicitly configure spring.jpa.open-in-view to disable this warning
2026-09-22T21:15:10.879+01:00  INFO 11212 --- [           main] o.s.s.web.DefaultSecurityFilterChain     : Will secure any request with [org.springframework.security.web.session.DisableEncodeUrlFilter@b1caa00, org.springframework.security.web.context.request.async.WebAsyncManagerIntegrationFilter@6987f367, org.springframework.security.web.context.SecurityContextHolderFilter@6d81522b, org.springframework.security.web.header.HeaderWriterFilter@5df785d1, org.springframework.web.filter.CorsFilter@2c002f95, org.springframework.security.web.authentication.logout.LogoutFilter@412de677, com.expensetracker.expensetracker.security.JwtAuthFilter@49bf5ec8, org.springframework.security.web.savedrequest.RequestCacheAwareFilter@467c785d, org.springframework.security.web.servletapi.SecurityContextHolderAwareRequestFilter@51406cdd, org.springframework.security.web.authentication.AnonymousAuthenticationFilter@5f5efbfc, org.springframework.security.web.session.SessionManagementFilter@3bc1ed53, org.springframework.security.web.access.ExceptionTranslationFilter@4ddb2c51, org.springframework.security.web.access.intercept.AuthorizationFilter@66b09935]
2026-09-22T21:15:10.994+01:00  INFO 11212 --- [           main] o.s.b.w.embedded.tomcat.TomcatWebServer  : Tomcat started on port 8081 (http) with context path '/'
2026-09-22T21:15:11.000+01:00  INFO 11212 --- [           main] c.e.e.ExpenseTrackerApplication          : Started ExpenseTrackerApplication in 3.708 seconds (process running for 3.929)
2026-09-22T21:15:11.088+01:00  INFO 11212 --- [           main] c.e.e.scheduler.ReminderScheduler        : Reminder job finished: 0 subscription(s) rolled forward, 0 reminder(s) and 0 budget alert(s) created, 0 sent by email or push
2026-09-22T21:15:11.873+01:00  INFO 11212 --- [nio-8081-exec-2] o.a.c.c.C.[Tomcat].[localhost].[/]       : Initializing Spring DispatcherServlet 'dispatcherServlet'
2026-09-22T21:15:11.873+01:00  INFO 11212 --- [nio-8081-exec-2] o.s.web.servlet.DispatcherServlet        : Initializing Servlet 'dispatcherServlet'
2026-09-22T21:15:11.874+01:00  INFO 11212 --- [nio-8081-exec-2] o.s.web.servlet.DispatcherServlet        : Completed initialization in 1 ms
2026-09-22T21:15:12.196+01:00 ERROR 11212 --- [nio-8081-exec-5] i.n.r.d.DnsServerAddressStreamProviders  : Unable to load io.netty.resolver.dns.macos.MacOSDnsServerAddressStreamProvider, fallback to system defaults. This may result in incorrect DNS resolutions on MacOS. Check whether you have a dependency on 'io.netty:netty-resolver-dns-native-macos'. Use DEBUG level to see the full stack: java.lang.UnsatisfiedLinkError: failed to load the required native library
